// Jest Snapshot v1, https://goo.gl/fbAQLP

exports[`app should receive a 200 on GET /users 1`] = `
Array [
  Object {
    "id": "1",
    "username": "foo",
  },
  Object {
    "id": "2",
    "username": "bar",
  },
  Object {
    "id": "3",
    "username": "baz",
  },
]
`;
