// Jest Snapshot v1, https://goo.gl/fbAQLP

exports[`app should receive a 200 on GET / 1`] = `
Object {
  "hello": "world",
}
`;

exports[`app should receive a 200 on GET /version 1`] = `
Object {
  "build": Object {
    "date": "1970-01-01T00:00:00.000Z",
    "number": 0,
  },
  "commit": Object {
    "date": "1970-01-01T00:00:00.000Z",
    "hash": "0000000",
  },
  "name": "create-fastify-backend",
  "version": "0.0.0",
}
`;
